------------------------------------------------------------
TimeQuest Timing Analyzer Summary
------------------------------------------------------------

Type  : Slow 1200mV 85C Model Setup 'clk'
Slack : -2.018
TNS   : -21.439

Type  : Slow 1200mV 85C Model Setup 'counter:inst2|out_pos[15]'
Slack : 0.073
TNS   : 0.000

Type  : Slow 1200mV 85C Model Setup 'counter5Bit_schema:inst|inst4'
Slack : 0.114
TNS   : 0.000

Type  : Slow 1200mV 85C Model Setup 'counter5Bit_schema:inst|inst'
Slack : 0.205
TNS   : 0.000

Type  : Slow 1200mV 85C Model Hold 'counter5Bit_schema:inst|inst'
Slack : 0.101
TNS   : 0.000

Type  : Slow 1200mV 85C Model Hold 'clk'
Slack : 0.137
TNS   : 0.000

Type  : Slow 1200mV 85C Model Hold 'counter:inst2|out_pos[15]'
Slack : 0.161
TNS   : 0.000

Type  : Slow 1200mV 85C Model Hold 'counter5Bit_schema:inst|inst4'
Slack : 0.497
TNS   : 0.000

Type  : Slow 1200mV 85C Model Recovery 'counter5Bit_schema:inst|inst'
Slack : -1.802
TNS   : -1.802

Type  : Slow 1200mV 85C Model Recovery 'counter5Bit_schema:inst|inst4'
Slack : -1.795
TNS   : -1.795

Type  : Slow 1200mV 85C Model Recovery 'counter:inst2|out_pos[15]'
Slack : -1.681
TNS   : -1.681

Type  : Slow 1200mV 85C Model Removal 'counter:inst2|out_pos[15]'
Slack : 0.220
TNS   : 0.000

Type  : Slow 1200mV 85C Model Removal 'counter5Bit_schema:inst|inst'
Slack : 0.346
TNS   : 0.000

Type  : Slow 1200mV 85C Model Removal 'counter5Bit_schema:inst|inst4'
Slack : 0.350
TNS   : 0.000

Type  : Slow 1200mV 85C Model Minimum Pulse Width 'clk'
Slack : -3.000
TNS   : -26.792

Type  : Slow 1200mV 85C Model Minimum Pulse Width 'counter5Bit_schema:inst|inst'
Slack : -1.487
TNS   : -1.487

Type  : Slow 1200mV 85C Model Minimum Pulse Width 'counter5Bit_schema:inst|inst4'
Slack : -1.487
TNS   : -1.487

Type  : Slow 1200mV 85C Model Minimum Pulse Width 'counter:inst2|out_pos[15]'
Slack : -1.487
TNS   : -1.487

Type  : Slow 1200mV 0C Model Setup 'clk'
Slack : -1.727
TNS   : -18.221

Type  : Slow 1200mV 0C Model Setup 'counter:inst2|out_pos[15]'
Slack : 0.082
TNS   : 0.000

Type  : Slow 1200mV 0C Model Setup 'counter5Bit_schema:inst|inst4'
Slack : 0.210
TNS   : 0.000

Type  : Slow 1200mV 0C Model Setup 'counter5Bit_schema:inst|inst'
Slack : 0.217
TNS   : 0.000

Type  : Slow 1200mV 0C Model Hold 'counter5Bit_schema:inst|inst'
Slack : 0.132
TNS   : 0.000

Type  : Slow 1200mV 0C Model Hold 'counter:inst2|out_pos[15]'
Slack : 0.176
TNS   : 0.000

Type  : Slow 1200mV 0C Model Hold 'clk'
Slack : 0.244
TNS   : 0.000

Type  : Slow 1200mV 0C Model Hold 'counter5Bit_schema:inst|inst4'
Slack : 0.447
TNS   : 0.000

Type  : Slow 1200mV 0C Model Recovery 'counter5Bit_schema:inst|inst4'
Slack : -1.598
TNS   : -1.598

Type  : Slow 1200mV 0C Model Recovery 'counter5Bit_schema:inst|inst'
Slack : -1.529
TNS   : -1.529

Type  : Slow 1200mV 0C Model Recovery 'counter:inst2|out_pos[15]'
Slack : -1.419
TNS   : -1.419

Type  : Slow 1200mV 0C Model Removal 'counter:inst2|out_pos[15]'
Slack : 0.200
TNS   : 0.000

Type  : Slow 1200mV 0C Model Removal 'counter5Bit_schema:inst|inst'
Slack : 0.314
TNS   : 0.000

Type  : Slow 1200mV 0C Model Removal 'counter5Bit_schema:inst|inst4'
Slack : 0.319
TNS   : 0.000

Type  : Slow 1200mV 0C Model Minimum Pulse Width 'clk'
Slack : -3.000
TNS   : -26.792

Type  : Slow 1200mV 0C Model Minimum Pulse Width 'counter5Bit_schema:inst|inst'
Slack : -1.487
TNS   : -1.487

Type  : Slow 1200mV 0C Model Minimum Pulse Width 'counter5Bit_schema:inst|inst4'
Slack : -1.487
TNS   : -1.487

Type  : Slow 1200mV 0C Model Minimum Pulse Width 'counter:inst2|out_pos[15]'
Slack : -1.487
TNS   : -1.487

Type  : Fast 1200mV 0C Model Setup 'clk'
Slack : -0.326
TNS   : -1.146

Type  : Fast 1200mV 0C Model Setup 'counter:inst2|out_pos[15]'
Slack : 0.391
TNS   : 0.000

Type  : Fast 1200mV 0C Model Setup 'counter5Bit_schema:inst|inst'
Slack : 0.418
TNS   : 0.000

Type  : Fast 1200mV 0C Model Setup 'counter5Bit_schema:inst|inst4'
Slack : 0.624
TNS   : 0.000

Type  : Fast 1200mV 0C Model Hold 'clk'
Slack : -0.035
TNS   : -0.035

Type  : Fast 1200mV 0C Model Hold 'counter5Bit_schema:inst|inst'
Slack : -0.031
TNS   : -0.031

Type  : Fast 1200mV 0C Model Hold 'counter:inst2|out_pos[15]'
Slack : -0.001
TNS   : -0.001

Type  : Fast 1200mV 0C Model Hold 'counter5Bit_schema:inst|inst4'
Slack : 0.206
TNS   : 0.000

Type  : Fast 1200mV 0C Model Recovery 'counter5Bit_schema:inst|inst'
Slack : -0.258
TNS   : -0.258

Type  : Fast 1200mV 0C Model Recovery 'counter5Bit_schema:inst|inst4'
Slack : -0.253
TNS   : -0.253

Type  : Fast 1200mV 0C Model Recovery 'counter:inst2|out_pos[15]'
Slack : -0.200
TNS   : -0.200

Type  : Fast 1200mV 0C Model Removal 'counter:inst2|out_pos[15]'
Slack : 0.089
TNS   : 0.000

Type  : Fast 1200mV 0C Model Removal 'counter5Bit_schema:inst|inst4'
Slack : 0.147
TNS   : 0.000

Type  : Fast 1200mV 0C Model Removal 'counter5Bit_schema:inst|inst'
Slack : 0.149
TNS   : 0.000

Type  : Fast 1200mV 0C Model Minimum Pulse Width 'clk'
Slack : -3.000
TNS   : -20.077

Type  : Fast 1200mV 0C Model Minimum Pulse Width 'counter5Bit_schema:inst|inst'
Slack : -1.000
TNS   : -1.000

Type  : Fast 1200mV 0C Model Minimum Pulse Width 'counter5Bit_schema:inst|inst4'
Slack : -1.000
TNS   : -1.000

Type  : Fast 1200mV 0C Model Minimum Pulse Width 'counter:inst2|out_pos[15]'
Slack : -1.000
TNS   : -1.000

------------------------------------------------------------
